links/broken
links/notdir
links/skip
links/symlink
links/skip/loop
