links
links/broken
links/deeply
links/file
links/hardlink
links/notdir
links/skip
links/symlink
links/deeply/nested
links/skip/dir
links/skip/loop
links/deeply/nested/dir
