perms
perms/0
perms/r
perms/rw
perms/rwx
perms/rx
perms/w
perms/wx
